[WebServer] Starting backend on http://localhost:8000 ...
[WebServer] Starting frontend on http://localhost:4200 ...
[WebServer] 
[WebServer] MolfMaps is running:
[WebServer]   API:  http://localhost:8000
[WebServer]   App:  http://localhost:4200  (proxies /api → :8000)
[WebServer] 
[WebServer] Press Ctrl+C to stop both.
[WebServer] 
[WebServer] > frontend@0.0.0 start
[WebServer] > ng serve --proxy-config proxy.conf.json --host 127.0.0.1 --port 4200
[WebServer] 
[WebServer] INFO:     Will watch for changes in these directories: ['/Users/bvintoni/AITestExamples/MolfMaps/backend']
[WebServer] INFO:     Uvicorn running on http://127.0.0.1:8000 (Press CTRL+C to quit)
[WebServer] INFO:     Started reloader process [47528] using WatchFiles
[WebServer] INFO:     Started server process [47576]
[WebServer] INFO:     Waiting for application startup.
[WebServer] INFO:     Application startup complete.
[WebServer] ❯ Building...
[WebServer] ✔ Building...
[WebServer] Initial chunk files | Names         |  Raw size
[WebServer] main.js             | main          | 184.39 kB | 
[WebServer] styles.css          | styles        |  12.79 kB | 
[WebServer] 
[WebServer]                     | Initial total | 197.18 kB
[WebServer] 
[WebServer] Application bundle generation complete. [1.474 seconds] - 2026-09-14T11:25:46.967Z
[WebServer] 
[WebServer] Watch mode enabled. Watching for file changes...
[WebServer] NOTE: Raw file sizes do not reflect development server per-request transformations.
[WebServer]   ➜  Local:   http://127.0.0.1:4200/

Running 1 test using 1 worker

(node:47622) Warning: The 'NO_COLOR' env is ignored due to the 'FORCE_COLOR' env being set.
(Use `node --trace-warnings ...` to show where the warning was created)
[WebServer] INFO:     127.0.0.1:60369 - "GET /api/session HTTP/1.1" 200 OK
[WebServer] INFO:     127.0.0.1:60377 - "GET /api/session HTTP/1.1" 200 OK
[WebServer] INFO:     127.0.0.1:60383 - "POST /api/login HTTP/1.1" 200 OK
[WebServer] INFO:     127.0.0.1:60386 - "GET /api/session HTTP/1.1" 200 OK
[WebServer] INFO:     127.0.0.1:60387 - "GET /api/map HTTP/1.1" 200 OK
[WebServer] INFO:     127.0.0.1:60400 - "GET /api/session HTTP/1.1" 200 OK
[WebServer] INFO:     127.0.0.1:60401 - "GET /api/maps HTTP/1.1" 200 OK
     1.1 [chromium] › tests/map-rename.spec.ts:21:7 › Catalog map rename › @p1 Admin can rename a map from the catalog and keep the new name after reload › Open the catalog as a signed-in admin (109ms)
     1.2 [chromium] › tests/map-rename.spec.ts:21:7 › Catalog map rename › @p1 Admin can rename a map from the catalog and keep the new name after reload › Reveal the Rename control required by CT-54 (5.0s)
  ✘  1 [chromium] › tests/map-rename.spec.ts:21:7 › Catalog map rename › @p1 Admin can rename a map from the catalog and keep the new name after reload (9.2s)


  1) [chromium] › tests/map-rename.spec.ts:21:7 › Catalog map rename › @p1 Admin can rename a map from the catalog and keep the new name after reload › Reveal the Rename control required by CT-54 

    Error: expect(locator).toBeVisible() failed

    Locator: getByRole('button', { name: /Rename Kal Main Map|Rename/ })
    Expected: visible
    Timeout: 5000ms
    Error: element(s) not found

    Call log:
      - Expect "toBeVisible" with timeout 5000ms
      - waiting for getByRole('button', { name: /Rename Kal Main Map|Rename/ })


      34 |       await expect(
      35 |         page.getByRole('button', { name: new RegExp(`Rename ${originalName}|Rename`) }),
    > 36 |       ).toBeVisible();
         |         ^
      37 |     });
      38 |
      39 |     await test.step('Rename the map and confirm the new name in the list', async () => {
        at /Users/bvintoni/AITestExamples/MolfMaps/e2e/tests/map-rename.spec.ts:36:9
        at /Users/bvintoni/AITestExamples/MolfMaps/e2e/tests/map-rename.spec.ts:32:5

    attachment #1: screenshot (image/png) ──────────────────────────────────────────────────────────
    test-results-new/map-rename-Catalog-map-ren-1f6ec-p-the-new-name-after-reload-chromium/test-failed-1.png
    ────────────────────────────────────────────────────────────────────────────────────────────────

    attachment #2: video (video/webm) ──────────────────────────────────────────────────────────────
    test-results-new/map-rename-Catalog-map-ren-1f6ec-p-the-new-name-after-reload-chromium/video.webm
    ────────────────────────────────────────────────────────────────────────────────────────────────

    Error Context: test-results-new/map-rename-Catalog-map-ren-1f6ec-p-the-new-name-after-reload-chromium/error-context.md

    attachment #4: trace (application/zip) ─────────────────────────────────────────────────────────
    test-results-new/map-rename-Catalog-map-ren-1f6ec-p-the-new-name-after-reload-chromium/trace.zip
    Usage:

        npx playwright show-trace test-results-new/map-rename-Catalog-map-ren-1f6ec-p-the-new-name-after-reload-chromium/trace.zip

    ────────────────────────────────────────────────────────────────────────────────────────────────

  1 failed
    [chromium] › tests/map-rename.spec.ts:21:7 › Catalog map rename › @p1 Admin can rename a map from the catalog and keep the new name after reload 
