[WebServer] Starting backend on http://localhost:8000 ...
[WebServer] Starting frontend on http://localhost:4200 ...
[WebServer] 
[WebServer] MolfMaps is running:
[WebServer]   API:  http://localhost:8000
[WebServer]   App:  http://localhost:4200  (proxies /api → :8000)
[WebServer] 
[WebServer] Press Ctrl+C to stop both.
[WebServer] 
[WebServer] > frontend@0.0.0 start
[WebServer] > ng serve --proxy-config proxy.conf.json --host 127.0.0.1 --port 4200
[WebServer] 
[WebServer] INFO:     Will watch for changes in these directories: ['/Users/bvintoni/AITestExamples/MolfMaps/backend']
[WebServer] INFO:     Uvicorn running on http://127.0.0.1:8000 (Press CTRL+C to quit)
[WebServer] INFO:     Started reloader process [38486] using WatchFiles
[WebServer] INFO:     Started server process [38525]
[WebServer] INFO:     Waiting for application startup.
[WebServer] INFO:     Application startup complete.
[WebServer] ❯ Building...
[WebServer] ✔ Building...
[WebServer] Initial chunk files | Names         |  Raw size
[WebServer] main.js             | main          | 184.39 kB | 
[WebServer] styles.css          | styles        |  12.79 kB | 
[WebServer] 
[WebServer]                     | Initial total | 197.18 kB
[WebServer] 
[WebServer] Application bundle generation complete. [1.851 seconds] - 2026-09-08T11:56:37.310Z
[WebServer] 
[WebServer] Watch mode enabled. Watching for file changes...
[WebServer] NOTE: Raw file sizes do not reflect development server per-request transformations.
[WebServer]   ➜  Local:   http://127.0.0.1:4200/

Running 2 tests using 2 workers

(node:38577) Warning: The 'NO_COLOR' env is ignored due to the 'FORCE_COLOR' env being set.
(Use `node --trace-warnings ...` to show where the warning was created)
(node:38578) Warning: The 'NO_COLOR' env is ignored due to the 'FORCE_COLOR' env being set.
(Use `node --trace-warnings ...` to show where the warning was created)
[WebServer] INFO:     127.0.0.1:54714 - "GET /api/session HTTP/1.1" 200 OK
[WebServer] INFO:     127.0.0.1:54715 - "GET /api/session HTTP/1.1" 200 OK
[WebServer] INFO:     127.0.0.1:54725 - "GET /api/session HTTP/1.1" 200 OK
[WebServer] INFO:     127.0.0.1:54726 - "GET /api/session HTTP/1.1" 200 OK
     1.1 [chromium] › tests/maps.spec.ts:63:7 › Map catalog organization › @p1 Visitor can favorite, filter, sort, search, reset, and keep favorites after reload › Open the maps catalog with five seeded maps (198ms)
     2.1 [chromium] › tests/maps.spec.ts:147:7 › Map catalog organization › @p2 Favorites empty state appears when no maps are favorited › Open the catalog and switch to Favorites with none selected (2.6s)
     2.2 [chromium] › tests/maps.spec.ts:147:7 › Map catalog organization › @p2 Favorites empty state appears when no maps are favorited › Show the dedicated empty-favorites message (28ms)
  ✓  2 [chromium] › tests/maps.spec.ts:147:7 › Map catalog organization › @p2 Favorites empty state appears when no maps are favorited (3.3s)
     1.2 [chromium] › tests/maps.spec.ts:63:7 › Map catalog organization › @p1 Visitor can favorite, filter, sort, search, reset, and keep favorites after reload › Favorite three maps across the list (4.4s)
     1.3 [chromium] › tests/maps.spec.ts:63:7 › Map catalog organization › @p1 Visitor can favorite, filter, sort, search, reset, and keep favorites after reload › Switch to Favorites and confirm only those three remain (1.1s)
     1.4 [chromium] › tests/maps.spec.ts:63:7 › Map catalog organization › @p1 Visitor can favorite, filter, sort, search, reset, and keep favorites after reload › Sort favorites Z–A (1.0s)
     1.5 [chromium] › tests/maps.spec.ts:63:7 › Map catalog organization › @p1 Visitor can favorite, filter, sort, search, reset, and keep favorites after reload › Search within favorites for Coastal (1.0s)
     1.6 [chromium] › tests/maps.spec.ts:63:7 › Map catalog organization › @p1 Visitor can favorite, filter, sort, search, reset, and keep favorites after reload › Reset organization without clearing favorites (1.1s)
[WebServer] INFO:     127.0.0.1:54747 - "GET /api/session HTTP/1.1" 200 OK
     1.7 [chromium] › tests/maps.spec.ts:63:7 › Map catalog organization › @p1 Visitor can favorite, filter, sort, search, reset, and keep favorites after reload › Reload the page and keep the same favorites (182ms)
     1.8 [chromium] › tests/maps.spec.ts:63:7 › Map catalog organization › @p1 Visitor can favorite, filter, sort, search, reset, and keep favorites after reload › Unfavorite one map and confirm Favorites updates (2.1s)
  ✓  1 [chromium] › tests/maps.spec.ts:63:7 › Map catalog organization › @p1 Visitor can favorite, filter, sort, search, reset, and keep favorites after reload (12.4s)

  2 passed (21.2s)
